Command: rtk proxy .venv/bin/python -B -m src.model.calibrate_eeg_v2_phase3
Synthetic EEG feature-space benchmark results only. No clinical validity, real-world attention detection performance, or raw-EEG pipeline validity is established. Synthetic RMS/variance, kurtosis and absolute power-scale inconsistencies are preserved. The test results are final descriptive estimates, not inputs to further tuning.
Verifying dataset, manifest, frozen feature schema and Phase 2 model checksums...
Fitting sigmoid calibration on 100,000 rows from 100 calibration subjects only...
Calibrator frozen and reload verified; fit took 0.597 seconds. Starting the single test evaluation...
Test predictions saved. Computing metrics, reliability and 2,000 subject bootstrap replicates from cache...
{
  "calibration_duration_seconds": 0.5967923660027736,
  "test_metrics": {
    "calibrated": {
      "accuracy": 0.52706,
      "balanced_accuracy": 0.5258581181226034,
      "macro_f1": 0.5244567462823557,
      "log_loss": 0.9555795853692951,
      "multiclass_brier_score": 0.571968994108435,
      "per_class": {
        "Distracted": {
          "precision": 0.5673320901225888,
          "recall": 0.5600217273221075,
          "f1": 0.5636532065786876,
          "support": 33138
        },
        "Focused": {
          "precision": 0.5758813947709892,
          "recall": 0.6124372412578173,
          "f1": 0.5935970404097894,
          "support": 34059
        },
        "Neutral": {
          "precision": 0.42773915282605895,
          "recall": 0.40511538578788525,
          "f1": 0.41611999185858994,
          "support": 32803
        }
      },
      "confusion_matrix": [
        [
          18558,
          5396,
          9184
        ],
        [
          4605,
          20859,
          8595
        ],
        [
          9548,
          9966,
          13289
        ]
      ],
      "class_order": [
        "Distracted",
        "Focused",
        "Neutral"
      ],
      "rows": 100000,
      "subjects": 100
    },
    "uncalibrated": {
      "accuracy": 0.52823,
      "balanced_accuracy": 0.5267112140404668,
      "macro_f1": 0.5221502029438817,
      "log_loss": 0.951908236501776,
      "multiclass_brier_score": 0.5705950782110343,
      "per_class": {
        "Distracted": {
          "precision": 0.560011675423234,
          "recall": 0.578972780493693,
          "f1": 0.5693344016142913,
          "support": 33138
        },
        "Focused": {
          "precision": 0.5669591257749291,
          "recall": 0.6336944713585249,
          "f1": 0.598472139420744,
          "support": 34059
        },
        "Neutral": {
          "precision": 0.43560277536860365,
          "recall": 0.3674663902691827,
          "f1": 0.39864406779661016,
          "support": 32803
        }
      },
      "confusion_matrix": [
        [
          19186,
          5832,
          8120
        ],
        [
          4978,
          21583,
          7498
        ],
        [
          10096,
          10653,
          12054
        ]
      ],
      "class_order": [
        "Distracted",
        "Focused",
        "Neutral"
      ],
      "rows": 100000,
      "subjects": 100
    },
    "majority_class": {
      "accuracy": 0.34059,
      "balanced_accuracy": 0.3333333333333333,
      "macro_f1": 0.16937318643283927,
      "log_loss": 23.76754548131804,
      "multiclass_brier_score": 1.31882,
      "per_class": {
        "Distracted": {
          "precision": 0.0,
          "recall": 0.0,
          "f1": 0.0,
          "support": 33138
        },
        "Focused": {
          "precision": 0.34059,
          "recall": 1.0,
          "f1": 0.5081195592985178,
          "support": 34059
        },
        "Neutral": {
          "precision": 0.0,
          "recall": 0.0,
          "f1": 0.0,
          "support": 32803
        }
      },
      "confusion_matrix": [
        [
          0,
          33138,
          0
        ],
        [
          0,
          34059,
          0
        ],
        [
          0,
          32803,
          0
        ]
      ],
      "class_order": [
        "Distracted",
        "Focused",
        "Neutral"
      ],
      "rows": 100000,
      "subjects": 100
    }
  }
}
Artifacts: models/eeg_v2/phase3_sigmoid_v1_seed42
Exit code: 0
